  甇??斗閬???撠?...
H:\Coding\CSharp\Trading-strategy-CS-1\ExtremeSignalAppCS.csproj : warning NU1701: 撌脖蝙??'.NETFramework,Version=v4.6.1, .NETFramework,Version=v4.6.2, .NETFramework,Version=v4.7, .NETFramework,Version=v4.7.1, .NETFramework,Version=v4.7.2, .NETFramework,Version=v4.8, .NETFramework,Version=v4.8.1' ??撠??格??嗆? 'net10.0-windows7.0' ??鈭?隞?'OpenTK 3.3.1'?迨憟辣???獢蒂???函摰嫘?
H:\Coding\CSharp\Trading-strategy-CS-1\ExtremeSignalAppCS.csproj : warning NU1701: 撌脖蝙??'.NETFramework,Version=v4.6.1, .NETFramework,Version=v4.6.2, .NETFramework,Version=v4.7, .NETFramework,Version=v4.7.1, .NETFramework,Version=v4.7.2, .NETFramework,Version=v4.8, .NETFramework,Version=v4.8.1' ??撠??格??嗆? 'net10.0-windows7.0' ??鈭?隞?'OpenTK.GLWpfControl 3.3.0'?迨憟辣???獢蒂???函摰嫘?
H:\Coding\CSharp\Trading-strategy-CS-1\ExtremeSignalAppCS.csproj : warning NU1701: 撌脖蝙??'.NETFramework,Version=v4.6.1, .NETFramework,Version=v4.6.2, .NETFramework,Version=v4.7, .NETFramework,Version=v4.7.1, .NETFramework,Version=v4.7.2, .NETFramework,Version=v4.8, .NETFramework,Version=v4.8.1' ??撠??格??嗆? 'net10.0-windows7.0' ??鈭?隞?'SkiaSharp.Views.WPF 3.119.4'?迨憟辣???獢蒂???函摰嫘?
  ???獢?冽??啁????舫脰?????
H:\Coding\CSharp\Trading-strategy-CS-1\ExtremeSignalAppCS.csproj : warning NU1701: 撌脖蝙??'.NETFramework,Version=v4.6.1, .NETFramework,Version=v4.6.2, .NETFramework,Version=v4.7, .NETFramework,Version=v4.7.1, .NETFramework,Version=v4.7.2, .NETFramework,Version=v4.8, .NETFramework,Version=v4.8.1' ??撠??格??嗆? 'net10.0-windows7.0' ??鈭?隞?'OpenTK 3.3.1'?迨憟辣???獢蒂???函摰嫘?
H:\Coding\CSharp\Trading-strategy-CS-1\ExtremeSignalAppCS.csproj : warning NU1701: 撌脖蝙??'.NETFramework,Version=v4.6.1, .NETFramework,Version=v4.6.2, .NETFramework,Version=v4.7, .NETFramework,Version=v4.7.1, .NETFramework,Version=v4.7.2, .NETFramework,Version=v4.8, .NETFramework,Version=v4.8.1' ??撠??格??嗆? 'net10.0-windows7.0' ??鈭?隞?'OpenTK.GLWpfControl 3.3.0'?迨憟辣???獢蒂???函摰嫘?
H:\Coding\CSharp\Trading-strategy-CS-1\ExtremeSignalAppCS.csproj : warning NU1701: 撌脖蝙??'.NETFramework,Version=v4.6.1, .NETFramework,Version=v4.6.2, .NETFramework,Version=v4.7, .NETFramework,Version=v4.7.1, .NETFramework,Version=v4.7.2, .NETFramework,Version=v4.8, .NETFramework,Version=v4.8.1' ??撠??格??嗆? 'net10.0-windows7.0' ??鈭?隞?'SkiaSharp.Views.WPF 3.119.4'?迨憟辣???獢蒂???函摰嫘?
H:\Coding\CSharp\Trading-strategy-CS-1\ExtremeSignalAppCS_4c04uevq_wpftmp.csproj : warning NU1701: 撌脖蝙??'.NETFramework,Version=v4.6.1, .NETFramework,Version=v4.6.2, .NETFramework,Version=v4.7, .NETFramework,Version=v4.7.1, .NETFramework,Version=v4.7.2, .NETFramework,Version=v4.8, .NETFramework,Version=v4.8.1' ??撠??格??嗆? 'net10.0-windows7.0' ??鈭?隞?'OpenTK 3.3.1'?迨憟辣???獢蒂???函摰嫘?
H:\Coding\CSharp\Trading-strategy-CS-1\ExtremeSignalAppCS_4c04uevq_wpftmp.csproj : warning NU1701: 撌脖蝙??'.NETFramework,Version=v4.6.1, .NETFramework,Version=v4.6.2, .NETFramework,Version=v4.7, .NETFramework,Version=v4.7.1, .NETFramework,Version=v4.7.2, .NETFramework,Version=v4.8, .NETFramework,Version=v4.8.1' ??撠??格??嗆? 'net10.0-windows7.0' ??鈭?隞?'OpenTK.GLWpfControl 3.3.0'?迨憟辣???獢蒂???函摰嫘?
H:\Coding\CSharp\Trading-strategy-CS-1\ExtremeSignalAppCS_4c04uevq_wpftmp.csproj : warning NU1701: 撌脖蝙??'.NETFramework,Version=v4.6.1, .NETFramework,Version=v4.6.2, .NETFramework,Version=v4.7, .NETFramework,Version=v4.7.1, .NETFramework,Version=v4.7.2, .NETFramework,Version=v4.8, .NETFramework,Version=v4.8.1' ??撠??格??嗆? 'net10.0-windows7.0' ??鈭?隞?'SkiaSharp.Views.WPF 3.119.4'?迨憟辣???獢蒂???函摰嫘?
H:\Coding\CSharp\Trading-strategy-CS-1\Services\TradingEngine.cs(427,64): warning CS8629: ?舐 Null ?祕?澆??亙??Null??[H:\Coding\CSharp\Trading-strategy-CS-1\ExtremeSignalAppCS_4c04uevq_wpftmp.csproj]
H:\Coding\CSharp\Trading-strategy-CS-1\Services\TradingEngine.cs(427,64): warning CS8629: ?舐 Null ?祕?澆??亙??Null??[H:\Coding\CSharp\Trading-strategy-CS-1\ExtremeSignalAppCS.csproj]
  ExtremeSignalAppCS -> H:\Coding\CSharp\Trading-strategy-CS-1\bin\Debug\net10.0-windows\ExtremeSignalAppCS.dll

撱箇蔭????

H:\Coding\CSharp\Trading-strategy-CS-1\ExtremeSignalAppCS.csproj : warning NU1701: 撌脖蝙??'.NETFramework,Version=v4.6.1, .NETFramework,Version=v4.6.2, .NETFramework,Version=v4.7, .NETFramework,Version=v4.7.1, .NETFramework,Version=v4.7.2, .NETFramework,Version=v4.8, .NETFramework,Version=v4.8.1' ??撠??格??嗆? 'net10.0-windows7.0' ??鈭?隞?'OpenTK 3.3.1'?迨憟辣???獢蒂???函摰嫘?
H:\Coding\CSharp\Trading-strategy-CS-1\ExtremeSignalAppCS.csproj : warning NU1701: 撌脖蝙??'.NETFramework,Version=v4.6.1, .NETFramework,Version=v4.6.2, .NETFramework,Version=v4.7, .NETFramework,Version=v4.7.1, .NETFramework,Version=v4.7.2, .NETFramework,Version=v4.8, .NETFramework,Version=v4.8.1' ??撠??格??嗆? 'net10.0-windows7.0' ??鈭?隞?'OpenTK.GLWpfControl 3.3.0'?迨憟辣???獢蒂???函摰嫘?
H:\Coding\CSharp\Trading-strategy-CS-1\ExtremeSignalAppCS.csproj : warning NU1701: 撌脖蝙??'.NETFramework,Version=v4.6.1, .NETFramework,Version=v4.6.2, .NETFramework,Version=v4.7, .NETFramework,Version=v4.7.1, .NETFramework,Version=v4.7.2, .NETFramework,Version=v4.8, .NETFramework,Version=v4.8.1' ??撠??格??嗆? 'net10.0-windows7.0' ??鈭?隞?'SkiaSharp.Views.WPF 3.119.4'?迨憟辣???獢蒂???函摰嫘?
H:\Coding\CSharp\Trading-strategy-CS-1\ExtremeSignalAppCS.csproj : warning NU1701: 撌脖蝙??'.NETFramework,Version=v4.6.1, .NETFramework,Version=v4.6.2, .NETFramework,Version=v4.7, .NETFramework,Version=v4.7.1, .NETFramework,Version=v4.7.2, .NETFramework,Version=v4.8, .NETFramework,Version=v4.8.1' ??撠??格??嗆? 'net10.0-windows7.0' ??鈭?隞?'OpenTK 3.3.1'?迨憟辣???獢蒂???函摰嫘?
H:\Coding\CSharp\Trading-strategy-CS-1\ExtremeSignalAppCS.csproj : warning NU1701: 撌脖蝙??'.NETFramework,Version=v4.6.1, .NETFramework,Version=v4.6.2, .NETFramework,Version=v4.7, .NETFramework,Version=v4.7.1, .NETFramework,Version=v4.7.2, .NETFramework,Version=v4.8, .NETFramework,Version=v4.8.1' ??撠??格??嗆? 'net10.0-windows7.0' ??鈭?隞?'OpenTK.GLWpfControl 3.3.0'?迨憟辣???獢蒂???函摰嫘?
H:\Coding\CSharp\Trading-strategy-CS-1\ExtremeSignalAppCS.csproj : warning NU1701: 撌脖蝙??'.NETFramework,Version=v4.6.1, .NETFramework,Version=v4.6.2, .NETFramework,Version=v4.7, .NETFramework,Version=v4.7.1, .NETFramework,Version=v4.7.2, .NETFramework,Version=v4.8, .NETFramework,Version=v4.8.1' ??撠??格??嗆? 'net10.0-windows7.0' ??鈭?隞?'SkiaSharp.Views.WPF 3.119.4'?迨憟辣???獢蒂???函摰嫘?
H:\Coding\CSharp\Trading-strategy-CS-1\ExtremeSignalAppCS_4c04uevq_wpftmp.csproj : warning NU1701: 撌脖蝙??'.NETFramework,Version=v4.6.1, .NETFramework,Version=v4.6.2, .NETFramework,Version=v4.7, .NETFramework,Version=v4.7.1, .NETFramework,Version=v4.7.2, .NETFramework,Version=v4.8, .NETFramework,Version=v4.8.1' ??撠??格??嗆? 'net10.0-windows7.0' ??鈭?隞?'OpenTK 3.3.1'?迨憟辣???獢蒂???函摰嫘?
H:\Coding\CSharp\Trading-strategy-CS-1\ExtremeSignalAppCS_4c04uevq_wpftmp.csproj : warning NU1701: 撌脖蝙??'.NETFramework,Version=v4.6.1, .NETFramework,Version=v4.6.2, .NETFramework,Version=v4.7, .NETFramework,Version=v4.7.1, .NETFramework,Version=v4.7.2, .NETFramework,Version=v4.8, .NETFramework,Version=v4.8.1' ??撠??格??嗆? 'net10.0-windows7.0' ??鈭?隞?'OpenTK.GLWpfControl 3.3.0'?迨憟辣???獢蒂???函摰嫘?
H:\Coding\CSharp\Trading-strategy-CS-1\ExtremeSignalAppCS_4c04uevq_wpftmp.csproj : warning NU1701: 撌脖蝙??'.NETFramework,Version=v4.6.1, .NETFramework,Version=v4.6.2, .NETFramework,Version=v4.7, .NETFramework,Version=v4.7.1, .NETFramework,Version=v4.7.2, .NETFramework,Version=v4.8, .NETFramework,Version=v4.8.1' ??撠??格??嗆? 'net10.0-windows7.0' ??鈭?隞?'SkiaSharp.Views.WPF 3.119.4'?迨憟辣???獢蒂???函摰嫘?
H:\Coding\CSharp\Trading-strategy-CS-1\Services\TradingEngine.cs(427,64): warning CS8629: ?舐 Null ?祕?澆??亙??Null??[H:\Coding\CSharp\Trading-strategy-CS-1\ExtremeSignalAppCS_4c04uevq_wpftmp.csproj]
H:\Coding\CSharp\Trading-strategy-CS-1\Services\TradingEngine.cs(427,64): warning CS8629: ?舐 Null ?祕?澆??亙??Null??[H:\Coding\CSharp\Trading-strategy-CS-1\ExtremeSignalAppCS.csproj]
    11 ?郎??
    0 ?隤?

蝬??? 00:00:05.25
